---
source: src/ui/widgets/tile/mod.rs
expression: actual
---
Buffer {
    area: Rect { x: 0, y: 0, width: 64, height: 32 },
    content: [
        "               Placeholder                        R        K    ",
        "               Placeholder              a8 b8 c8 d8 e8 f8 g8 h8 ",
        "               Placeholder                              R  P    ",
        " 1. e4 c6           ┌──────────────────┐a7 b7 c7 d7 e7 f7 g7 h7 ",
        " 2. d4 d5           │    Placeholder   │ P           Q        P ",
        " 3. d5 d5           │    Placeholder   │a6 b6 c6 d6 e6 f6 g6 h6 ",
        " 4. c4 Nf6          │    Placeholder   │    P        B  P       ",
        " 5. Nc3 Nc6         │    Placeholder   │a5 b5 c5 d5 e5 f5 g5 h5 ",
        " 6. Nf3 e6          │    Placeholder   │                        ",
        " 7. Be2 Bd6         │    Placeholder   │a4 b4 c4 d4 e4 f4 g4 h4 ",
        " 8. O-O dxc4        │    Placeholder   │ P  P     Q             ",
        "                    │    Placeholder   │a3 b3 c3 d3 e3 f3 g3 h3 ",
        "                    │    Placeholder   │             R  P  B  P ",
        "                    │    Placeholder   │a2 b2 c2 d2 e2 f2 g2 h2 ",
        "                    │    Placeholder   │             K          ",
        "                    │    Placeholder   │a1 b1 c1 d1 e1 f1 g1 h1 ",
        "                    │    Placeholder   │       Placeholder      ",
        "                    │    Placeholder   │       Placeholder      ",
        "                    └──────────────────┘       Placeholder      ",
        "│     3r2k1/5rp1/p3Q2p/1p2Bp2/8/PP1q4/4RPbP/4K3 w  - 2 30      │",
        "┌──────────────────────────────────────────────────────────────┐",
        "│                                                              │",
        "│                                                              │",
        "│                                                              │",
        "│                                                              │",
        "│                                                              │",
        "│                                                              │",
        "│                                                              │",
        "│                                                              │",
        "│                                                              │",
        "└──────────────────────────────────────────────────────────────┘",
        "$>                                                              ",
    ],
    styles: [
        x: 0, y: 0, fg: White, bg: Black, underline: Reset, modifier: NONE,
        x: 40, y: 0, fg: Black, bg: Rgb(128, 128, 128), underline: Reset, modifier: NONE,
        x: 43, y: 0, fg: White, bg: Rgb(64, 64, 64), underline: Reset, modifier: NONE,
        x: 46, y: 0, fg: Black, bg: Rgb(128, 128, 128), underline: Reset, modifier: NONE,
        x: 49, y: 0, fg: White, bg: Rgb(64, 64, 64), underline: Reset, modifier: NONE,
        x: 50, y: 0, fg: Rgb(0, 0, 0), bg: Rgb(64, 64, 64), underline: Reset, modifier: BOLD,
        x: 51, y: 0, fg: White, bg: Rgb(64, 64, 64), underline: Reset, modifier: NONE,
        x: 52, y: 0, fg: Black, bg: Rgb(128, 128, 128), underline: Reset, modifier: NONE,
        x: 55, y: 0, fg: White, bg: Rgb(64, 64, 64), underline: Reset, modifier: NONE,
        x: 58, y: 0, fg: Black, bg: Rgb(128, 128, 128), underline: Reset, modifier: NONE,
        x: 59, y: 0, fg: Rgb(0, 0, 0), bg: Rgb(128, 128, 128), underline: Reset, modifier: BOLD,
        x: 60, y: 0, fg: Black, bg: Rgb(128, 128, 128), underline: Reset, modifier: NONE,
        x: 61, y: 0, fg: White, bg: Rgb(64, 64, 64), underline: Reset, modifier: NONE,
        x: 0, y: 1, fg: White, bg: Black, underline: Reset, modifier: NONE,
        x: 40, y: 1, fg: Rgb(101, 101, 101), bg: Rgb(128, 128, 128), underline: Reset, modifier: NONE,
        x: 42, y: 1, fg: Black, bg: Rgb(128, 128, 128), underline: Reset, modifier: NONE,
        x: 43, y: 1, fg: Rgb(101, 101, 101), bg: Rgb(64, 64, 64), underline: Reset, modifier: NONE,
        x: 45, y: 1, fg: White, bg: Rgb(64, 64, 64), underline: Reset, modifier: NONE,
        x: 46, y: 1, fg: Rgb(101, 101, 101), bg: Rgb(128, 128, 128), underline: Reset, modifier: NONE,
        x: 48, y: 1, fg: Black, bg: Rgb(128, 128, 128), underline: Reset, modifier: NONE,
        x: 49, y: 1, fg: Rgb(101, 101, 101), bg: Rgb(64, 64, 64), underline: Reset, modifier: NONE,
        x: 51, y: 1, fg: White, bg: Rgb(64, 64, 64), underline: Reset, modifier: NONE,
        x: 52, y: 1, fg: Rgb(101, 101, 101), bg: Rgb(128, 128, 128), underline: Reset, modifier: NONE,
        x: 54, y: 1, fg: Black, bg: Rgb(128, 128, 128), underline: Reset, modifier: NONE,
        x: 55, y: 1, fg: Rgb(101, 101, 101), bg: Rgb(64, 64, 64), underline: Reset, modifier: NONE,
        x: 57, y: 1, fg: White, bg: Rgb(64, 64, 64), underline: Reset, modifier: NONE,
        x: 58, y: 1, fg: Rgb(101, 101, 101), bg: Rgb(128, 128, 128), underline: Reset, modifier: NONE,
        x: 60, y: 1, fg: Black, bg: Rgb(128, 128, 128), underline: Reset, modifier: NONE,
        x: 61, y: 1, fg: Rgb(101, 101, 101), bg: Rgb(64, 64, 64), underline: Reset, modifier: NONE,
        x: 63, y: 1, fg: White, bg: Rgb(64, 64, 64), underline: Reset, modifier: NONE,
        x: 0, y: 2, fg: White, bg: Black, underline: Reset, modifier: NONE,
        x: 40, y: 2, fg: White, bg: Rgb(64, 64, 64), underline: Reset, modifier: NONE,
        x: 43, y: 2, fg: Black, bg: Rgb(128, 128, 128), underline: Reset, modifier: NONE,
        x: 46, y: 2, fg: White, bg: Rgb(64, 64, 64), underline: Reset, modifier: NONE,
        x: 49, y: 2, fg: Black, bg: Rgb(128, 128, 128), underline: Reset, modifier: NONE,
        x: 52, y: 2, fg: White, bg: Rgb(64, 64, 64), underline: Reset, modifier: NONE,
        x: 55, y: 2, fg: Black, bg: Rgb(128, 128, 128), underline: Reset, modifier: NONE,
        x: 56, y: 2, fg: Rgb(0, 0, 0), bg: Rgb(128, 128, 128), underline: Reset, modifier: BOLD,
        x: 57, y: 2, fg: Black, bg: Rgb(128, 128, 128), underline: Reset, modifier: NONE,
        x: 58, y: 2, fg: White, bg: Rgb(64, 64, 64), underline: Reset, modifier: NONE,
        x: 59, y: 2, fg: Rgb(0, 0, 0), bg: Rgb(64, 64, 64), underline: Reset, modifier: BOLD,
        x: 60, y: 2, fg: White, bg: Rgb(64, 64, 64), underline: Reset, modifier: NONE,
        x: 61, y: 2, fg: Black, bg: Rgb(128, 128, 128), underline: Reset, modifier: NONE,
        x: 0, y: 3, fg: White, bg: Black, underline: Reset, modifier: NONE,
        x: 40, y: 3, fg: Rgb(101, 101, 101), bg: Rgb(64, 64, 64), underline: Reset, modifier: NONE,
        x: 42, y: 3, fg: White, bg: Rgb(64, 64, 64), underline: Reset, modifier: NONE,
        x: 43, y: 3, fg: Rgb(101, 101, 101), bg: Rgb(128, 128, 128), underline: Reset, modifier: NONE,
        x: 45, y: 3, fg: Black, bg: Rgb(128, 128, 128), underline: Reset, modifier: NONE,
        x: 46, y: 3, fg: Rgb(101, 101, 101), bg: Rgb(64, 64, 64), underline: Reset, modifier: NONE,
        x: 48, y: 3, fg: White, bg: Rgb(64, 64, 64), underline: Reset, modifier: NONE,
        x: 49, y: 3, fg: Rgb(101, 101, 101), bg: Rgb(128, 128, 128), underline: Reset, modifier: NONE,
        x: 51, y: 3, fg: Black, bg: Rgb(128, 128, 128), underline: Reset, modifier: NONE,
        x: 52, y: 3, fg: Rgb(101, 101, 101), bg: Rgb(64, 64, 64), underline: Reset, modifier: NONE,
        x: 54, y: 3, fg: White, bg: Rgb(64, 64, 64), underline: Reset, modifier: NONE,
        x: 55, y: 3, fg: Rgb(101, 101, 101), bg: Rgb(128, 128, 128), underline: Reset, modifier: NONE,
        x: 57, y: 3, fg: Black, bg: Rgb(128, 128, 128), underline: Reset, modifier: NONE,
        x: 58, y: 3, fg: Rgb(101, 101, 101), bg: Rgb(64, 64, 64), underline: Reset, modifier: NONE,
        x: 60, y: 3, fg: White, bg: Rgb(64, 64, 64), underline: Reset, modifier: NONE,
        x: 61, y: 3, fg: Rgb(101, 101, 101), bg: Rgb(128, 128, 128), underline: Reset, modifier: NONE,
        x: 63, y: 3, fg: Black, bg: Rgb(128, 128, 128), underline: Reset, modifier: NONE,
        x: 0, y: 4, fg: White, bg: Black, underline: Reset, modifier: NONE,
        x: 40, y: 4, fg: Black, bg: Rgb(128, 128, 128), underline: Reset, modifier: NONE,
        x: 41, y: 4, fg: Rgb(0, 0, 0), bg: Rgb(128, 128, 128), underline: Reset, modifier: BOLD,
        x: 42, y: 4, fg: Black, bg: Rgb(128, 128, 128), underline: Reset, modifier: NONE,
        x: 43, y: 4, fg: White, bg: Rgb(64, 64, 64), underline: Reset, modifier: NONE,
        x: 46, y: 4, fg: Black, bg: Rgb(128, 128, 128), underline: Reset, modifier: NONE,
        x: 49, y: 4, fg: White, bg: Rgb(64, 64, 64), underline: Reset, modifier: NONE,
        x: 52, y: 4, fg: Black, bg: Rgb(128, 128, 128), underline: Reset, modifier: NONE,
        x: 53, y: 4, fg: Rgb(255, 255, 255), bg: Rgb(128, 128, 128), underline: Reset, modifier: BOLD,
        x: 54, y: 4, fg: Black, bg: Rgb(128, 128, 128), underline: Reset, modifier: NONE,
        x: 55, y: 4, fg: White, bg: Rgb(64, 64, 64), underline: Reset, modifier: NONE,
        x: 58, y: 4, fg: Black, bg: Rgb(128, 128, 128), underline: Reset, modifier: NONE,
        x: 61, y: 4, fg: White, bg: Rgb(64, 64, 64), underline: Reset, modifier: NONE,
        x: 62, y: 4, fg: Rgb(0, 0, 0), bg: Rgb(64, 64, 64), underline: Reset, modifier: BOLD,
        x: 63, y: 4, fg: White, bg: Rgb(64, 64, 64), underline: Reset, modifier: NONE,
        x: 0, y: 5, fg: White, bg: Black, underline: Reset, modifier: NONE,
        x: 40, y: 5, fg: Rgb(101, 101, 101), bg: Rgb(128, 128, 128), underline: Reset, modifier: NONE,
        x: 42, y: 5, fg: Black, bg: Rgb(128, 128, 128), underline: Reset, modifier: NONE,
        x: 43, y: 5, fg: Rgb(101, 101, 101), bg: Rgb(64, 64, 64), underline: Reset, modifier: NONE,
        x: 45, y: 5, fg: White, bg: Rgb(64, 64, 64), underline: Reset, modifier: NONE,
        x: 46, y: 5, fg: Rgb(101, 101, 101), bg: Rgb(128, 128, 128), underline: Reset, modifier: NONE,
        x: 48, y: 5, fg: Black, bg: Rgb(128, 128, 128), underline: Reset, modifier: NONE,
        x: 49, y: 5, fg: Rgb(101, 101, 101), bg: Rgb(64, 64, 64), underline: Reset, modifier: NONE,
        x: 51, y: 5, fg: White, bg: Rgb(64, 64, 64), underline: Reset, modifier: NONE,
        x: 52, y: 5, fg: Rgb(101, 101, 101), bg: Rgb(128, 128, 128), underline: Reset, modifier: NONE,
        x: 54, y: 5, fg: Black, bg: Rgb(128, 128, 128), underline: Reset, modifier: NONE,
        x: 55, y: 5, fg: Rgb(101, 101, 101), bg: Rgb(64, 64, 64), underline: Reset, modifier: NONE,
        x: 57, y: 5, fg: White, bg: Rgb(64, 64, 64), underline: Reset, modifier: NONE,
        x: 58, y: 5, fg: Rgb(101, 101, 101), bg: Rgb(128, 128, 128), underline: Reset, modifier: NONE,
        x: 60, y: 5, fg: Black, bg: Rgb(128, 128, 128), underline: Reset, modifier: NONE,
        x: 61, y: 5, fg: Rgb(101, 101, 101), bg: Rgb(64, 64, 64), underline: Reset, modifier: NONE,
        x: 63, y: 5, fg: White, bg: Rgb(64, 64, 64), underline: Reset, modifier: NONE,
        x: 0, y: 6, fg: White, bg: Black, underline: Reset, modifier: NONE,
        x: 40, y: 6, fg: White, bg: Rgb(64, 64, 64), underline: Reset, modifier: NONE,
        x: 43, y: 6, fg: Black, bg: Rgb(128, 128, 128), underline: Reset, modifier: NONE,
        x: 44, y: 6, fg: Rgb(0, 0, 0), bg: Rgb(128, 128, 128), underline: Reset, modifier: BOLD,
        x: 45, y: 6, fg: Black, bg: Rgb(128, 128, 128), underline: Reset, modifier: NONE,
        x: 46, y: 6, fg: White, bg: Rgb(64, 64, 64), underline: Reset, modifier: NONE,
        x: 49, y: 6, fg: Black, bg: Rgb(128, 128, 128), underline: Reset, modifier: NONE,
        x: 52, y: 6, fg: White, bg: Rgb(64, 64, 64), underline: Reset, modifier: NONE,
        x: 53, y: 6, fg: Rgb(255, 255, 255), bg: Rgb(64, 64, 64), underline: Reset, modifier: BOLD,
        x: 54, y: 6, fg: White, bg: Rgb(64, 64, 64), underline: Reset, modifier: NONE,
        x: 55, y: 6, fg: Black, bg: Rgb(128, 128, 128), underline: Reset, modifier: NONE,
        x: 56, y: 6, fg: Rgb(0, 0, 0), bg: Rgb(128, 128, 128), underline: Reset, modifier: BOLD,
        x: 57, y: 6, fg: Black, bg: Rgb(128, 128, 128), underline: Reset, modifier: NONE,
        x: 58, y: 6, fg: White, bg: Rgb(64, 64, 64), underline: Reset, modifier: NONE,
        x: 61, y: 6, fg: Black, bg: Rgb(128, 128, 128), underline: Reset, modifier: NONE,
        x: 0, y: 7, fg: White, bg: Black, underline: Reset, modifier: NONE,
        x: 40, y: 7, fg: Rgb(101, 101, 101), bg: Rgb(64, 64, 64), underline: Reset, modifier: NONE,
        x: 42, y: 7, fg: White, bg: Rgb(64, 64, 64), underline: Reset, modifier: NONE,
        x: 43, y: 7, fg: Rgb(101, 101, 101), bg: Rgb(128, 128, 128), underline: Reset, modifier: NONE,
        x: 45, y: 7, fg: Black, bg: Rgb(128, 128, 128), underline: Reset, modifier: NONE,
        x: 46, y: 7, fg: Rgb(101, 101, 101), bg: Rgb(64, 64, 64), underline: Reset, modifier: NONE,
        x: 48, y: 7, fg: White, bg: Rgb(64, 64, 64), underline: Reset, modifier: NONE,
        x: 49, y: 7, fg: Rgb(101, 101, 101), bg: Rgb(128, 128, 128), underline: Reset, modifier: NONE,
        x: 51, y: 7, fg: Black, bg: Rgb(128, 128, 128), underline: Reset, modifier: NONE,
        x: 52, y: 7, fg: Rgb(101, 101, 101), bg: Rgb(64, 64, 64), underline: Reset, modifier: NONE,
        x: 54, y: 7, fg: White, bg: Rgb(64, 64, 64), underline: Reset, modifier: NONE,
        x: 55, y: 7, fg: Rgb(101, 101, 101), bg: Rgb(128, 128, 128), underline: Reset, modifier: NONE,
        x: 57, y: 7, fg: Black, bg: Rgb(128, 128, 128), underline: Reset, modifier: NONE,
        x: 58, y: 7, fg: Rgb(101, 101, 101), bg: Rgb(64, 64, 64), underline: Reset, modifier: NONE,
        x: 60, y: 7, fg: White, bg: Rgb(64, 64, 64), underline: Reset, modifier: NONE,
        x: 61, y: 7, fg: Rgb(101, 101, 101), bg: Rgb(128, 128, 128), underline: Reset, modifier: NONE,
        x: 63, y: 7, fg: Black, bg: Rgb(128, 128, 128), underline: Reset, modifier: NONE,
        x: 0, y: 8, fg: White, bg: Black, underline: Reset, modifier: NONE,
        x: 40, y: 8, fg: Black, bg: Rgb(128, 128, 128), underline: Reset, modifier: NONE,
        x: 43, y: 8, fg: White, bg: Rgb(64, 64, 64), underline: Reset, modifier: NONE,
        x: 46, y: 8, fg: Black, bg: Rgb(128, 128, 128), underline: Reset, modifier: NONE,
        x: 49, y: 8, fg: White, bg: Rgb(64, 64, 64), underline: Reset, modifier: NONE,
        x: 52, y: 8, fg: Black, bg: Rgb(128, 128, 128), underline: Reset, modifier: NONE,
        x: 55, y: 8, fg: White, bg: Rgb(64, 64, 64), underline: Reset, modifier: NONE,
        x: 58, y: 8, fg: Black, bg: Rgb(128, 128, 128), underline: Reset, modifier: NONE,
        x: 61, y: 8, fg: White, bg: Rgb(64, 64, 64), underline: Reset, modifier: NONE,
        x: 0, y: 9, fg: White, bg: Black, underline: Reset, modifier: NONE,
        x: 40, y: 9, fg: Rgb(101, 101, 101), bg: Rgb(128, 128, 128), underline: Reset, modifier: NONE,
        x: 42, y: 9, fg: Black, bg: Rgb(128, 128, 128), underline: Reset, modifier: NONE,
        x: 43, y: 9, fg: Rgb(101, 101, 101), bg: Rgb(64, 64, 64), underline: Reset, modifier: NONE,
        x: 45, y: 9, fg: White, bg: Rgb(64, 64, 64), underline: Reset, modifier: NONE,
        x: 46, y: 9, fg: Rgb(101, 101, 101), bg: Rgb(128, 128, 128), underline: Reset, modifier: NONE,
        x: 48, y: 9, fg: Black, bg: Rgb(128, 128, 128), underline: Reset, modifier: NONE,
        x: 49, y: 9, fg: Rgb(101, 101, 101), bg: Rgb(64, 64, 64), underline: Reset, modifier: NONE,
        x: 51, y: 9, fg: White, bg: Rgb(64, 64, 64), underline: Reset, modifier: NONE,
        x: 52, y: 9, fg: Rgb(101, 101, 101), bg: Rgb(128, 128, 128), underline: Reset, modifier: NONE,
        x: 54, y: 9, fg: Black, bg: Rgb(128, 128, 128), underline: Reset, modifier: NONE,
        x: 55, y: 9, fg: Rgb(101, 101, 101), bg: Rgb(64, 64, 64), underline: Reset, modifier: NONE,
        x: 57, y: 9, fg: White, bg: Rgb(64, 64, 64), underline: Reset, modifier: NONE,
        x: 58, y: 9, fg: Rgb(101, 101, 101), bg: Rgb(128, 128, 128), underline: Reset, modifier: NONE,
        x: 60, y: 9, fg: Black, bg: Rgb(128, 128, 128), underline: Reset, modifier: NONE,
        x: 61, y: 9, fg: Rgb(101, 101, 101), bg: Rgb(64, 64, 64), underline: Reset, modifier: NONE,
        x: 63, y: 9, fg: White, bg: Rgb(64, 64, 64), underline: Reset, modifier: NONE,
        x: 0, y: 10, fg: White, bg: Black, underline: Reset, modifier: NONE,
        x: 40, y: 10, fg: White, bg: Rgb(64, 64, 64), underline: Reset, modifier: NONE,
        x: 41, y: 10, fg: Rgb(255, 255, 255), bg: Rgb(64, 64, 64), underline: Reset, modifier: BOLD,
        x: 42, y: 10, fg: White, bg: Rgb(64, 64, 64), underline: Reset, modifier: NONE,
        x: 43, y: 10, fg: Black, bg: Rgb(128, 128, 128), underline: Reset, modifier: NONE,
        x: 44, y: 10, fg: Rgb(255, 255, 255), bg: Rgb(128, 128, 128), underline: Reset, modifier: BOLD,
        x: 45, y: 10, fg: Black, bg: Rgb(128, 128, 128), underline: Reset, modifier: NONE,
        x: 46, y: 10, fg: White, bg: Rgb(64, 64, 64), underline: Reset, modifier: NONE,
        x: 49, y: 10, fg: Black, bg: Rgb(128, 128, 128), underline: Reset, modifier: NONE,
        x: 50, y: 10, fg: Rgb(0, 0, 0), bg: Rgb(128, 128, 128), underline: Reset, modifier: BOLD,
        x: 51, y: 10, fg: Black, bg: Rgb(128, 128, 128), underline: Reset, modifier: NONE,
        x: 52, y: 10, fg: White, bg: Rgb(64, 64, 64), underline: Reset, modifier: NONE,
        x: 55, y: 10, fg: Black, bg: Rgb(128, 128, 128), underline: Reset, modifier: NONE,
        x: 58, y: 10, fg: White, bg: Rgb(64, 64, 64), underline: Reset, modifier: NONE,
        x: 61, y: 10, fg: Black, bg: Rgb(128, 128, 128), underline: Reset, modifier: NONE,
        x: 0, y: 11, fg: White, bg: Black, underline: Reset, modifier: NONE,
        x: 40, y: 11, fg: Rgb(101, 101, 101), bg: Rgb(64, 64, 64), underline: Reset, modifier: NONE,
        x: 42, y: 11, fg: White, bg: Rgb(64, 64, 64), underline: Reset, modifier: NONE,
        x: 43, y: 11, fg: Rgb(101, 101, 101), bg: Rgb(128, 128, 128), underline: Reset, modifier: NONE,
        x: 45, y: 11, fg: Black, bg: Rgb(128, 128, 128), underline: Reset, modifier: NONE,
        x: 46, y: 11, fg: Rgb(101, 101, 101), bg: Rgb(64, 64, 64), underline: Reset, modifier: NONE,
        x: 48, y: 11, fg: White, bg: Rgb(64, 64, 64), underline: Reset, modifier: NONE,
        x: 49, y: 11, fg: Rgb(101, 101, 101), bg: Rgb(128, 128, 128), underline: Reset, modifier: NONE,
        x: 51, y: 11, fg: Black, bg: Rgb(128, 128, 128), underline: Reset, modifier: NONE,
        x: 52, y: 11, fg: Rgb(101, 101, 101), bg: Rgb(64, 64, 64), underline: Reset, modifier: NONE,
        x: 54, y: 11, fg: White, bg: Rgb(64, 64, 64), underline: Reset, modifier: NONE,
        x: 55, y: 11, fg: Rgb(101, 101, 101), bg: Rgb(128, 128, 128), underline: Reset, modifier: NONE,
        x: 57, y: 11, fg: Black, bg: Rgb(128, 128, 128), underline: Reset, modifier: NONE,
        x: 58, y: 11, fg: Rgb(101, 101, 101), bg: Rgb(64, 64, 64), underline: Reset, modifier: NONE,
        x: 60, y: 11, fg: White, bg: Rgb(64, 64, 64), underline: Reset, modifier: NONE,
        x: 61, y: 11, fg: Rgb(101, 101, 101), bg: Rgb(128, 128, 128), underline: Reset, modifier: NONE,
        x: 63, y: 11, fg: Black, bg: Rgb(128, 128, 128), underline: Reset, modifier: NONE,
        x: 0, y: 12, fg: White, bg: Black, underline: Reset, modifier: NONE,
        x: 40, y: 12, fg: Black, bg: Rgb(128, 128, 128), underline: Reset, modifier: NONE,
        x: 43, y: 12, fg: White, bg: Rgb(64, 64, 64), underline: Reset, modifier: NONE,
        x: 46, y: 12, fg: Black, bg: Rgb(128, 128, 128), underline: Reset, modifier: NONE,
        x: 49, y: 12, fg: White, bg: Rgb(64, 64, 64), underline: Reset, modifier: NONE,
        x: 52, y: 12, fg: Black, bg: Rgb(128, 128, 128), underline: Reset, modifier: NONE,
        x: 53, y: 12, fg: Rgb(255, 255, 255), bg: Rgb(128, 128, 128), underline: Reset, modifier: BOLD,
        x: 54, y: 12, fg: Black, bg: Rgb(128, 128, 128), underline: Reset, modifier: NONE,
        x: 55, y: 12, fg: White, bg: Rgb(64, 64, 64), underline: Reset, modifier: NONE,
        x: 56, y: 12, fg: Rgb(255, 255, 255), bg: Rgb(64, 64, 64), underline: Reset, modifier: BOLD,
        x: 57, y: 12, fg: White, bg: Rgb(64, 64, 64), underline: Reset, modifier: NONE,
        x: 58, y: 12, fg: Black, bg: Rgb(128, 128, 128), underline: Reset, modifier: NONE,
        x: 59, y: 12, fg: Rgb(0, 0, 0), bg: Rgb(128, 128, 128), underline: Reset, modifier: BOLD,
        x: 60, y: 12, fg: Black, bg: Rgb(128, 128, 128), underline: Reset, modifier: NONE,
        x: 61, y: 12, fg: White, bg: Rgb(64, 64, 64), underline: Reset, modifier: NONE,
        x: 62, y: 12, fg: Rgb(255, 255, 255), bg: Rgb(64, 64, 64), underline: Reset, modifier: BOLD,
        x: 63, y: 12, fg: White, bg: Rgb(64, 64, 64), underline: Reset, modifier: NONE,
        x: 0, y: 13, fg: White, bg: Black, underline: Reset, modifier: NONE,
        x: 40, y: 13, fg: Rgb(101, 101, 101), bg: Rgb(128, 128, 128), underline: Reset, modifier: NONE,
        x: 42, y: 13, fg: Black, bg: Rgb(128, 128, 128), underline: Reset, modifier: NONE,
        x: 43, y: 13, fg: Rgb(101, 101, 101), bg: Rgb(64, 64, 64), underline: Reset, modifier: NONE,
        x: 45, y: 13, fg: White, bg: Rgb(64, 64, 64), underline: Reset, modifier: NONE,
        x: 46, y: 13, fg: Rgb(101, 101, 101), bg: Rgb(128, 128, 128), underline: Reset, modifier: NONE,
        x: 48, y: 13, fg: Black, bg: Rgb(128, 128, 128), underline: Reset, modifier: NONE,
        x: 49, y: 13, fg: Rgb(101, 101, 101), bg: Rgb(64, 64, 64), underline: Reset, modifier: NONE,
        x: 51, y: 13, fg: White, bg: Rgb(64, 64, 64), underline: Reset, modifier: NONE,
        x: 52, y: 13, fg: Rgb(101, 101, 101), bg: Rgb(128, 128, 128), underline: Reset, modifier: NONE,
        x: 54, y: 13, fg: Black, bg: Rgb(128, 128, 128), underline: Reset, modifier: NONE,
        x: 55, y: 13, fg: Rgb(101, 101, 101), bg: Rgb(64, 64, 64), underline: Reset, modifier: NONE,
        x: 57, y: 13, fg: White, bg: Rgb(64, 64, 64), underline: Reset, modifier: NONE,
        x: 58, y: 13, fg: Rgb(101, 101, 101), bg: Rgb(128, 128, 128), underline: Reset, modifier: NONE,
        x: 60, y: 13, fg: Black, bg: Rgb(128, 128, 128), underline: Reset, modifier: NONE,
        x: 61, y: 13, fg: Rgb(101, 101, 101), bg: Rgb(64, 64, 64), underline: Reset, modifier: NONE,
        x: 63, y: 13, fg: White, bg: Rgb(64, 64, 64), underline: Reset, modifier: NONE,
        x: 0, y: 14, fg: White, bg: Black, underline: Reset, modifier: NONE,
        x: 40, y: 14, fg: White, bg: Rgb(64, 64, 64), underline: Reset, modifier: NONE,
        x: 43, y: 14, fg: Black, bg: Rgb(128, 128, 128), underline: Reset, modifier: NONE,
        x: 46, y: 14, fg: White, bg: Rgb(64, 64, 64), underline: Reset, modifier: NONE,
        x: 49, y: 14, fg: Black, bg: Rgb(128, 128, 128), underline: Reset, modifier: NONE,
        x: 52, y: 14, fg: White, bg: Rgb(64, 64, 64), underline: Reset, modifier: NONE,
        x: 53, y: 14, fg: Rgb(255, 255, 255), bg: Rgb(64, 64, 64), underline: Reset, modifier: BOLD,
        x: 54, y: 14, fg: White, bg: Rgb(64, 64, 64), underline: Reset, modifier: NONE,
        x: 55, y: 14, fg: Black, bg: Rgb(128, 128, 128), underline: Reset, modifier: NONE,
        x: 58, y: 14, fg: White, bg: Rgb(64, 64, 64), underline: Reset, modifier: NONE,
        x: 61, y: 14, fg: Black, bg: Rgb(128, 128, 128), underline: Reset, modifier: NONE,
        x: 0, y: 15, fg: White, bg: Black, underline: Reset, modifier: NONE,
        x: 40, y: 15, fg: Rgb(101, 101, 101), bg: Rgb(64, 64, 64), underline: Reset, modifier: NONE,
        x: 42, y: 15, fg: White, bg: Rgb(64, 64, 64), underline: Reset, modifier: NONE,
        x: 43, y: 15, fg: Rgb(101, 101, 101), bg: Rgb(128, 128, 128), underline: Reset, modifier: NONE,
        x: 45, y: 15, fg: Black, bg: Rgb(128, 128, 128), underline: Reset, modifier: NONE,
        x: 46, y: 15, fg: Rgb(101, 101, 101), bg: Rgb(64, 64, 64), underline: Reset, modifier: NONE,
        x: 48, y: 15, fg: White, bg: Rgb(64, 64, 64), underline: Reset, modifier: NONE,
        x: 49, y: 15, fg: Rgb(101, 101, 101), bg: Rgb(128, 128, 128), underline: Reset, modifier: NONE,
        x: 51, y: 15, fg: Black, bg: Rgb(128, 128, 128), underline: Reset, modifier: NONE,
        x: 52, y: 15, fg: Rgb(101, 101, 101), bg: Rgb(64, 64, 64), underline: Reset, modifier: NONE,
        x: 54, y: 15, fg: White, bg: Rgb(64, 64, 64), underline: Reset, modifier: NONE,
        x: 55, y: 15, fg: Rgb(101, 101, 101), bg: Rgb(128, 128, 128), underline: Reset, modifier: NONE,
        x: 57, y: 15, fg: Black, bg: Rgb(128, 128, 128), underline: Reset, modifier: NONE,
        x: 58, y: 15, fg: Rgb(101, 101, 101), bg: Rgb(64, 64, 64), underline: Reset, modifier: NONE,
        x: 60, y: 15, fg: White, bg: Rgb(64, 64, 64), underline: Reset, modifier: NONE,
        x: 61, y: 15, fg: Rgb(101, 101, 101), bg: Rgb(128, 128, 128), underline: Reset, modifier: NONE,
        x: 63, y: 15, fg: Black, bg: Rgb(128, 128, 128), underline: Reset, modifier: NONE,
        x: 0, y: 16, fg: White, bg: Black, underline: Reset, modifier: NONE,
    ]
}
